// Vitest Snapshot v1, https://vitest.dev/guide/snapshot.html

exports[`e2e:unist-util-inspect > should expose public api 1`] = `
[
  "inspect",
  "inspectColor",
  "inspectNoColor",
]
`;
