// Vitest Snapshot v1, https://vitest.dev/guide/snapshot.html

exports[`functional:inspect > should handle nodes outside of children (sample 0) 1`] = `
"[1melement[22m<template>
  content[2m:[22m [1mroot[22m[2m[[22m[33m0[39m[2m][22m"
`;

exports[`functional:inspect > should handle nodes outside of children (sample 1) 1`] = `
"[1mjsxSpan[22m[2m[[22m[33m1[39m[2m][22m
[2mâ”‚[22m close[2m:[22m [1mjsxTag[22m
[2mâ”‚[22m   attributes[2m:[22m []
[2mâ”‚[22m   close[2m:[22m true
[2mâ”‚[22m   name[2m:[22m [1mjsxMember[22m
[2mâ”‚[22m     object[2m:[22m [1mjsxMember[22m
[2mâ”‚[22m       object[2m:[22m [1mjsxIdentifier[22m [32m"abc"[39m
[2mâ”‚[22m       property[2m:[22m [1mjsxIdentifier[22m [32m"def"[39m
[2mâ”‚[22m     property[2m:[22m [1mjsxIdentifier[22m [32m"ghi"[39m
[2mâ”‚[22m   selfClosing[2m:[22m false
[2mâ”‚[22m open[2m:[22m [1mjsxTag[22m
[2mâ”‚[22m   attributes[2m:[22m
[2mâ”‚[22m   [2mâ”œâ”€0[22m [1mjsxAttribute[22m [32mnull[39m
[2mâ”‚[22m   [2mâ”‚[22m     name[2m:[22m [1mjsxIdentifier[22m [32m"alpha"[39m
[2mâ”‚[22m   [2mâ”œâ”€1[22m [1mjsxAttributeExpression[22m [32m"...props"[39m
[2mâ”‚[22m   [2mâ””â”€2[22m [1mjsxAttribute[22m [32mnull[39m
[2mâ”‚[22m         name[2m:[22m [1mjsxIdentifier[22m [32m"bravo"[39m
[2mâ”‚[22m   close[2m:[22m false
[2mâ”‚[22m   name[2m:[22m [1mjsxMember[22m
[2mâ”‚[22m     object[2m:[22m [1mjsxMember[22m
[2mâ”‚[22m       object[2m:[22m [1mjsxIdentifier[22m [32m"abc"[39m
[2mâ”‚[22m       property[2m:[22m [1mjsxIdentifier[22m [32m"def"[39m
[2mâ”‚[22m     property[2m:[22m [1mjsxIdentifier[22m [32m"ghi"[39m
[2mâ”‚[22m   selfClosing[2m:[22m false
[2mâ””â”€0[22m [1mjsxExpressionSpan[22m [32m"1 + 1"[39m"
`;

exports[`functional:inspect > should see attributes as data 1`] = `
"[1mroot[22m[2m[[22m[33m1[39m[2m][22m [2m([22m1:1-1:19, 0-18[2m)[22m
[2mâ””â”€0[22m [1melement[22m<album>[2m[[22m[33m0[39m[2m][22m [2m([22m1:1-1:19, 0-18[2m)[22m
      attributes[2m:[22m {"id":"123"}"
`;

exports[`functional:inspect > should see data as data 1`] = `
"[1malbum[22m
  data[2m:[22m {"id":"123"}"
`;

exports[`functional:inspect > should see properties as data 1`] = `
"[1melement[22m<button>[2m[[22m[33m0[39m[2m][22m
  properties[2m:[22m {"type":"submit","value":"Send"}"
`;

exports[`functional:inspect > should support \`positions: false\` 1`] = `
"[1mcomment[22m[2m[[22m[33m3[39m[2m][22m
[2mâ”‚[22m code[2m:[22m null
[2mâ”œâ”€0[22m [1mblockTag[22m<file>[2m[[22m[33m1[39m[2m][22m
[2mâ”‚[22m   [2mâ”‚[22m tag[2m:[22m "@file"
[2mâ”‚[22m   [2mâ””â”€0[22m [1mtext[22m [32m"Fixtures - average"[39m
[2mâ”œâ”€1[22m [1mblockTag[22m<module>[2m[[22m[33m1[39m[2m][22m
[2mâ”‚[22m   [2mâ”‚[22m tag[2m:[22m "@module"
[2mâ”‚[22m   [2mâ””â”€0[22m [1mtext[22m [32m"fixtures/average"[39m
[2mâ””â”€2[22m [1mblockTag[22m<see>[2m[[22m[33m1[39m[2m][22m
    [2mâ”‚[22m tag[2m:[22m "@see"
    [2mâ””â”€0[22m [1mtext[22m [32m"https://codewars.com/kata/57a2013acf1fa5bfc4000921"[39m"
`;

exports[`functional:inspect > should work with list of nodes (sample 0) 1`] = `""`;

exports[`functional:inspect > should work with list of nodes (sample 1) 1`] = `
"[2mâ”œâ”€0[22m [1mcomment[22m[2m[[22m[33m3[39m[2m][22m [2m([22m1:1-5:4, 0-116[2m)[22m
[2mâ”‚[22m   [2mâ”‚[22m code[2m:[22m null
[2mâ”‚[22m   [2mâ”œâ”€0[22m [1mblockTag[22m<file>[2m[[22m[33m1[39m[2m][22m [2m([22m2:4-2:25, 7-28[2m)[22m
[2mâ”‚[22m   [2mâ”‚[22m   [2mâ”‚[22m tag[2m:[22m "@file"
[2mâ”‚[22m   [2mâ”‚[22m   [2mâ””â”€0[22m [1mtext[22m [32m"Fixtures - diff"[39m [2m([22m2:10-2:25, 13-28[2m)[22m
[2mâ”‚[22m   [2mâ”œâ”€1[22m [1mblockTag[22m<module>[2m[[22m[33m1[39m[2m][22m [2m([22m3:4-3:25, 32-53[2m)[22m
[2mâ”‚[22m   [2mâ”‚[22m   [2mâ”‚[22m tag[2m:[22m "@module"
[2mâ”‚[22m   [2mâ”‚[22m   [2mâ””â”€0[22m [1mtext[22m [32m"fixtures/diff"[39m [2m([22m3:12-3:25, 40-53[2m)[22m
[2mâ”‚[22m   [2mâ””â”€2[22m [1mblockTag[22m<see>[2m[[22m[33m1[39m[2m][22m [2m([22m4:4-4:59, 57-112[2m)[22m
[2mâ”‚[22m       [2mâ”‚[22m tag[2m:[22m "@see"
[2mâ”‚[22m       [2mâ””â”€0[22m [1mtext[22m [32m"https://codewars.com/kata/523f5d21c841566fde000009"[39m [2m([22m4:9-4:59, 62-112[2m)[22m
[2mâ””â”€1[22m [1mcomment[22m[2m[[22m[33m8[39m[2m][22m [2m([22m7:1-23:4, 118-582[2m)[22m
    [2mâ”‚[22m code[2m:[22m null
    [2mâ”œâ”€0[22m [1mdescription[22m[2m[[22m[33m1[39m[2m][22m [2m([22m8:4-9:37, 125-237[2m)[22m
    [2mâ”‚[22m   [2mâ””â”€0[22m [1mparagraph[22m[2m[[22m[33m9[39m[2m][22m [2m([22m8:4-9:37, 125-237[2m)[22m
    [2mâ”‚[22m       [2mâ”œâ”€0[22m [1mtext[22m [32m"Given two number arrays, "[39m [2m([22m8:4-8:29, 125-150[2m)[22m
    [2mâ”‚[22m       [2mâ”œâ”€1[22m [1minlineCode[22m [32m"a"[39m [2m([22m8:29-8:32, 150-153[2m)[22m
    [2mâ”‚[22m       [2mâ”œâ”€2[22m [1mtext[22m [32m" and "[39m [2m([22m8:32-8:37, 153-158[2m)[22m
    [2mâ”‚[22m       [2mâ”œâ”€3[22m [1minlineCode[22m [32m"b"[39m [2m([22m8:37-8:40, 158-161[2m)[22m
    [2mâ”‚[22m       [2mâ”œâ”€4[22m [1mtext[22m [32m", the function returns a new array with elements in "[39m [2m([22m8:40-9:16, 161-216[2m)[22m
    [2mâ”‚[22m       [2mâ”œâ”€5[22m [1minlineCode[22m [32m"b"[39m [2m([22m9:16-9:19, 216-219[2m)[22m
    [2mâ”‚[22m       [2mâ”œâ”€6[22m [1mtext[22m [32m" removed from "[39m [2m([22m9:19-9:33, 219-233[2m)[22m
    [2mâ”‚[22m       [2mâ”œâ”€7[22m [1minlineCode[22m [32m"a"[39m [2m([22m9:33-9:36, 233-236[2m)[22m
    [2mâ”‚[22m       [2mâ””â”€8[22m [1mtext[22m [32m"."[39m [2m([22m9:36-9:37, 236-237[2m)[22m
    [2mâ”œâ”€1[22m [1mblockTag[22m<example>[2m[[22m[33m1[39m[2m][22m [2m([22m11:4-12:27, 244-279[2m)[22m
    [2mâ”‚[22m   [2mâ”‚[22m tag[2m:[22m "@example"
    [2mâ”‚[22m   [2mâ””â”€0[22m [1mcode[22m [32m"diff([], [4, 5]) // []"[39m [2m([22m12:5-12:27, 257-279[2m)[22m
    [2mâ”‚[22m         lang[2m:[22m null
    [2mâ”‚[22m         meta[2m:[22m null
    [2mâ”œâ”€2[22m [1mblockTag[22m<example>[2m[[22m[33m1[39m[2m][22m [2m([22m13:4-14:29, 283-320[2m)[22m
    [2mâ”‚[22m   [2mâ”‚[22m tag[2m:[22m "@example"
    [2mâ”‚[22m   [2mâ””â”€0[22m [1mcode[22m [32m"diff([3, 4], [3]) // [4]"[39m [2m([22m14:5-14:29, 296-320[2m)[22m
    [2mâ”‚[22m         lang[2m:[22m null
    [2mâ”‚[22m         meta[2m:[22m null
    [2mâ”œâ”€3[22m [1mblockTag[22m<example>[2m[[22m[33m1[39m[2m][22m [2m([22m15:4-16:35, 324-367[2m)[22m
    [2mâ”‚[22m   [2mâ”‚[22m tag[2m:[22m "@example"
    [2mâ”‚[22m   [2mâ””â”€0[22m [1mcode[22m [32m"diff([1, 2, 3], [1, 2]) // [3]"[39m [2m([22m16:5-16:35, 337-367[2m)[22m
    [2mâ”‚[22m         lang[2m:[22m null
    [2mâ”‚[22m         meta[2m:[22m null
    [2mâ”œâ”€4[22m [1mblockTag[22m<example>[2m[[22m[33m1[39m[2m][22m [2m([22m17:4-18:37, 371-416[2m)[22m
    [2mâ”‚[22m   [2mâ”‚[22m tag[2m:[22m "@example"
    [2mâ”‚[22m   [2mâ””â”€0[22m [1mcode[22m [32m"diff([1, 8, 2], []) // [1, 8, 2]"[39m [2m([22m18:5-18:37, 384-416[2m)[22m
    [2mâ”‚[22m         lang[2m:[22m null
    [2mâ”‚[22m         meta[2m:[22m null
    [2mâ”œâ”€5[22m [1mblockTag[22m<param>[2m[[22m[33m2[39m[2m][22m [2m([22m20:4-20:44, 423-463[2m)[22m
    [2mâ”‚[22m   [2mâ”‚[22m tag[2m:[22m "@param"
    [2mâ”‚[22m   [2mâ”œâ”€0[22m [1mtypeExpression[22m [32m"number[]"[39m [2m([22m20:11-20:21, 430-440[2m)[22m
    [2mâ”‚[22m   [2mâ””â”€1[22m [1mtext[22m [32m"a - First number array"[39m [2m([22m20:22-20:44, 441-463[2m)[22m
    [2mâ”œâ”€6[22m [1mblockTag[22m<param>[2m[[22m[33m2[39m[2m][22m [2m([22m21:4-21:45, 467-508[2m)[22m
    [2mâ”‚[22m   [2mâ”‚[22m tag[2m:[22m "@param"
    [2mâ”‚[22m   [2mâ”œâ”€0[22m [1mtypeExpression[22m [32m"number[]"[39m [2m([22m21:11-21:21, 474-484[2m)[22m
    [2mâ”‚[22m   [2mâ””â”€1[22m [1mtext[22m [32m"b - Second number array"[39m [2m([22m21:22-21:45, 485-508[2m)[22m
    [2mâ””â”€7[22m [1mblockTag[22m<return>[2m[[22m[33m5[39m[2m][22m [2m([22m22:4-22:70, 512-578[2m)[22m
        [2mâ”‚[22m tag[2m:[22m "@return"
        [2mâ”œâ”€0[22m [1mtypeExpression[22m [32m"number[]"[39m [2m([22m22:12-22:22, 520-530[2m)[22m
        [2mâ”œâ”€1[22m [1mtext[22m [32m"New array with elements in "[39m [2m([22m22:23-22:50, 531-558[2m)[22m
        [2mâ”œâ”€2[22m [1minlineCode[22m [32m"b"[39m [2m([22m22:50-22:53, 558-561[2m)[22m
        [2mâ”œâ”€3[22m [1mtext[22m [32m" removed from "[39m [2m([22m22:53-22:67, 561-575[2m)[22m
        [2mâ””â”€4[22m [1minlineCode[22m [32m"a"[39m [2m([22m22:67-22:70, 575-578[2m)[22m"
`;

exports[`functional:inspect > should work with literals (sample 0) 1`] = `"[1mbigint[22m [32m13n[39m"`;

exports[`functional:inspect > should work with literals (sample 1) 1`] = `"[1mboolean[22m [32mtrue[39m"`;

exports[`functional:inspect > should work with literals (sample 2) 1`] = `"[1mnumber[22m [32m3[39m"`;

exports[`functional:inspect > should work with literals (sample 3) 1`] = `
"[1mregexp[22m [32m"/(?<=(?<a>\\\\w){3})f/u"[39m
  flags[2m:[22m "u"
  pattern[2m:[22m "(?<=(?<a>\\\\w){3})f""
`;

exports[`functional:inspect > should work with literals (sample 4) 1`] = `"[1mstring[22m [32m""[39m"`;

exports[`functional:inspect > should work with literals (sample 5) 1`] = `"[1mnull[22m [32mnull[39m"`;

exports[`functional:inspect > should work with literals (sample 6) 1`] = `"[1mundefined[22m [32mundefined[39m"`;

exports[`functional:inspect > should work with non-nodes (sample 0) 1`] = `""node""`;

exports[`functional:inspect > should work with non-nodes (sample 1) 1`] = `"13"`;

exports[`functional:inspect > should work with non-nodes (sample 2) 1`] = `"null"`;

exports[`functional:inspect > should work with non-nodes (sample 3) 1`] = `"null"`;

exports[`functional:inspect > should work with parents (sample 0) 1`] = `"[1mroot[22m[2m[[22m[33m0[39m[2m][22m"`;

exports[`functional:inspect > should work with parents (sample 1) 1`] = `
"[1mtable[22m[2m[[22m[33m2[39m[2m][22m
[2mâ”‚[22m align[2m:[22m ["center","left"]
[2mâ”œâ”€0[22m [1mtableRow[22m[2m[[22m[33m2[39m[2m][22m
[2mâ”‚[22m   [2mâ”œâ”€0[22m [1mtableCell[22m[2m[[22m[33m1[39m[2m][22m
[2mâ”‚[22m   [2mâ”‚[22m   [2mâ””â”€0[22m [1mtext[22m [32m"foo"[39m
[2mâ”‚[22m   [2mâ””â”€1[22m [1mtableCell[22m[2m[[22m[33m1[39m[2m][22m
[2mâ”‚[22m       [2mâ””â”€0[22m [1mtext[22m [32m"bar"[39m
[2mâ””â”€1[22m [1mtableRow[22m[2m[[22m[33m2[39m[2m][22m
    [2mâ”œâ”€0[22m [1mtableCell[22m[2m[[22m[33m1[39m[2m][22m
    [2mâ”‚[22m   [2mâ””â”€0[22m [1mtext[22m [32m"baz"[39m
    [2mâ””â”€1[22m [1mtableCell[22m[2m[[22m[33m1[39m[2m][22m
        [2mâ””â”€0[22m [1mtext[22m [32m"qux"[39m"
`;

exports[`functional:inspect > should work with parents (sample 2) 1`] = `
"[1mroot[22m[2m[[22m[33m4[39m[2m][22m
[2mâ”œâ”€0[22m [1mcomment[22m[2m[[22m[33m3[39m[2m][22m [2m([22m1:1-5:4, 0-114[2m)[22m
[2mâ”‚[22m   [2mâ”‚[22m code[2m:[22m null
[2mâ”‚[22m   [2mâ”œâ”€0[22m [1mblockTag[22m<file>[2m[[22m[33m1[39m[2m][22m [2m([22m2:4-2:24, 7-27[2m)[22m
[2mâ”‚[22m   [2mâ”‚[22m   [2mâ”‚[22m tag[2m:[22m "@file"
[2mâ”‚[22m   [2mâ”‚[22m   [2mâ””â”€0[22m [1mtext[22m [32m"Fixtures - hrt"[39m [2m([22m2:10-2:24, 13-27[2m)[22m
[2mâ”‚[22m   [2mâ”œâ”€1[22m [1mblockTag[22m<module>[2m[[22m[33m1[39m[2m][22m [2m([22m3:4-3:24, 31-51[2m)[22m
[2mâ”‚[22m   [2mâ”‚[22m   [2mâ”‚[22m tag[2m:[22m "@module"
[2mâ”‚[22m   [2mâ”‚[22m   [2mâ””â”€0[22m [1mtext[22m [32m"fixtures/hrt"[39m [2m([22m3:12-3:24, 39-51[2m)[22m
[2mâ”‚[22m   [2mâ””â”€2[22m [1mblockTag[22m<see>[2m[[22m[33m1[39m[2m][22m [2m([22m4:4-4:59, 55-110[2m)[22m
[2mâ”‚[22m       [2mâ”‚[22m tag[2m:[22m "@see"
[2mâ”‚[22m       [2mâ””â”€0[22m [1mtext[22m [32m"https://codewars.com/kata/52685f7382004e774f0001f7"[39m [2m([22m4:9-4:59, 60-110[2m)[22m
[2mâ”œâ”€1[22m [1mcomment[22m[2m[[22m[33m6[39m[2m][22m [2m([22m7:1-20:4, 116-473[2m)[22m
[2mâ”‚[22m   [2mâ”‚[22m code[2m:[22m null
[2mâ”‚[22m   [2mâ”œâ”€0[22m [1mdescription[22m[2m[[22m[33m1[39m[2m][22m [2m([22m8:4-9:39, 123-238[2m)[22m
[2mâ”‚[22m   [2mâ”‚[22m   [2mâ””â”€0[22m [1mparagraph[22m[2m[[22m[33m5[39m[2m][22m [2m([22m8:4-9:39, 123-238[2m)[22m
[2mâ”‚[22m   [2mâ”‚[22m       [2mâ”œâ”€0[22m [1mtext[22m [32m"Given a non-negative integer, "[39m [2m([22m8:4-8:34, 123-153[2m)[22m
[2mâ”‚[22m   [2mâ”‚[22m       [2mâ”œâ”€1[22m [1minlineCode[22m [32m"seconds"[39m [2m([22m8:34-8:43, 153-162[2m)[22m
[2mâ”‚[22m   [2mâ”‚[22m       [2mâ”œâ”€2[22m [1mtext[22m [32m", the functions returns the time in a human-readable format ("[39m [2m([22m8:43-9:27, 162-226[2m)[22m
[2mâ”‚[22m   [2mâ”‚[22m       [2mâ”œâ”€3[22m [1minlineCode[22m [32m"HH:MM:SS"[39m [2m([22m9:27-9:37, 226-236[2m)[22m
[2mâ”‚[22m   [2mâ”‚[22m       [2mâ””â”€4[22m [1mtext[22m [32m")."[39m [2m([22m9:37-9:39, 236-238[2m)[22m
[2mâ”‚[22m   [2mâ”œâ”€1[22m [1mblockTag[22m<example>[2m[[22m[33m1[39m[2m][22m [2m([22m11:4-12:25, 245-278[2m)[22m
[2mâ”‚[22m   [2mâ”‚[22m   [2mâ”‚[22m tag[2m:[22m "@example"
[2mâ”‚[22m   [2mâ”‚[22m   [2mâ””â”€0[22m [1mcode[22m [32m"hrt(0) // '00:00:00'"[39m [2m([22m12:5-12:25, 258-278[2m)[22m
[2mâ”‚[22m   [2mâ”‚[22m         lang[2m:[22m null
[2mâ”‚[22m   [2mâ”‚[22m         meta[2m:[22m null
[2mâ”‚[22m   [2mâ”œâ”€2[22m [1mblockTag[22m<example>[2m[[22m[33m1[39m[2m][22m [2m([22m13:4-14:26, 282-316[2m)[22m
[2mâ”‚[22m   [2mâ”‚[22m   [2mâ”‚[22m tag[2m:[22m "@example"
[2mâ”‚[22m   [2mâ”‚[22m   [2mâ””â”€0[22m [1mcode[22m [32m"hrt(60) // '00:01:00'"[39m [2m([22m14:5-14:26, 295-316[2m)[22m
[2mâ”‚[22m   [2mâ”‚[22m         lang[2m:[22m null
[2mâ”‚[22m   [2mâ”‚[22m         meta[2m:[22m null
[2mâ”‚[22m   [2mâ”œâ”€3[22m [1mblockTag[22m<example>[2m[[22m[33m1[39m[2m][22m [2m([22m15:4-16:30, 320-358[2m)[22m
[2mâ”‚[22m   [2mâ”‚[22m   [2mâ”‚[22m tag[2m:[22m "@example"
[2mâ”‚[22m   [2mâ”‚[22m   [2mâ””â”€0[22m [1mcode[22m [32m"hrt(359999) // '99:59:59'"[39m [2m([22m16:5-16:30, 333-358[2m)[22m
[2mâ”‚[22m   [2mâ”‚[22m         lang[2m:[22m null
[2mâ”‚[22m   [2mâ”‚[22m         meta[2m:[22m null
[2mâ”‚[22m   [2mâ”œâ”€4[22m [1mblockTag[22m<param>[2m[[22m[33m2[39m[2m][22m [2m([22m18:4-18:45, 365-406[2m)[22m
[2mâ”‚[22m   [2mâ”‚[22m   [2mâ”‚[22m tag[2m:[22m "@param"
[2mâ”‚[22m   [2mâ”‚[22m   [2mâ”œâ”€0[22m [1mtypeExpression[22m [32m"number"[39m [2m([22m18:11-18:19, 372-380[2m)[22m
[2mâ”‚[22m   [2mâ”‚[22m   [2mâ””â”€1[22m [1mtext[22m [32m"seconds - Time in seconds"[39m [2m([22m18:20-18:45, 381-406[2m)[22m
[2mâ”‚[22m   [2mâ””â”€5[22m [1mblockTag[22m<return>[2m[[22m[33m4[39m[2m][22m [2m([22m19:4-19:63, 410-469[2m)[22m
[2mâ”‚[22m       [2mâ”‚[22m tag[2m:[22m "@return"
[2mâ”‚[22m       [2mâ”œâ”€0[22m [1mtypeExpression[22m [32m"string"[39m [2m([22m19:12-19:20, 418-426[2m)[22m
[2mâ”‚[22m       [2mâ”œâ”€1[22m [1mtext[22m [32m"Time in human-readable format ("[39m [2m([22m19:21-19:52, 427-458[2m)[22m
[2mâ”‚[22m       [2mâ”œâ”€2[22m [1minlineCode[22m [32m"HH:MM:SS"[39m [2m([22m19:52-19:62, 458-468[2m)[22m
[2mâ”‚[22m       [2mâ””â”€3[22m [1mtext[22m [32m")"[39m [2m([22m19:62-19:63, 468-469[2m)[22m
[2mâ”œâ”€2[22m [1mcomment[22m[2m[[22m[33m2[39m[2m][22m [2m([22m22:3-26:6, 519-613[2m)[22m
[2mâ”‚[22m   [2mâ”‚[22m code[2m:[22m null
[2mâ”‚[22m   [2mâ”œâ”€0[22m [1mdescription[22m[2m[[22m[33m1[39m[2m][22m [2m([22m23:6-23:51, 528-573[2m)[22m
[2mâ”‚[22m   [2mâ”‚[22m   [2mâ””â”€0[22m [1mparagraph[22m[2m[[22m[33m2[39m[2m][22m [2m([22m23:6-23:51, 528-573[2m)[22m
[2mâ”‚[22m   [2mâ”‚[22m       [2mâ”œâ”€0[22m [1minlineTag[22m [2m([22m23:6-23:25, 528-547[2m)[22m
[2mâ”‚[22m   [2mâ”‚[22m       [2mâ””â”€1[22m [1mtext[22m [32m" in human-readable format."[39m [2m([22m23:25-23:51, 547-573[2m)[22m
[2mâ”‚[22m   [2mâ””â”€1[22m [1mblockTag[22m<var>[2m[[22m[33m2[39m[2m][22m [2m([22m25:6-25:29, 584-607[2m)[22m
[2mâ”‚[22m       [2mâ”‚[22m tag[2m:[22m "@var"
[2mâ”‚[22m       [2mâ”œâ”€0[22m [1mtypeExpression[22m [32m"string"[39m [2m([22m25:11-25:19, 589-597[2m)[22m
[2mâ”‚[22m       [2mâ””â”€1[22m [1mtext[22m [32m"formatted"[39m [2m([22m25:20-25:29, 598-607[2m)[22m
[2mâ””â”€3[22m [1mcomment[22m[2m[[22m[33m2[39m[2m][22m [2m([22m31:5-35:8, 742-846[2m)[22m
    [2mâ”‚[22m code[2m:[22m null
    [2mâ”œâ”€0[22m [1mdescription[22m[2m[[22m[33m1[39m[2m][22m [2m([22m32:8-32:58, 753-803[2m)[22m
    [2mâ”‚[22m   [2mâ””â”€0[22m [1mparagraph[22m[2m[[22m[33m2[39m[2m][22m [2m([22m32:8-32:58, 753-803[2m)[22m
    [2mâ”‚[22m       [2mâ”œâ”€0[22m [1minlineTag[22m [2m([22m32:8-32:27, 753-772[2m)[22m
    [2mâ”‚[22m       [2mâ””â”€1[22m [1mtext[22m [32m" in hours, minutes, or seconds."[39m [2m([22m32:27-32:58, 772-803[2m)[22m
    [2mâ””â”€1[22m [1mblockTag[22m<const>[2m[[22m[33m2[39m[2m][22m [2m([22m34:8-34:28, 818-838[2m)[22m
        [2mâ”‚[22m tag[2m:[22m "@const"
        [2mâ”œâ”€0[22m [1mtypeExpression[22m [32m"number"[39m [2m([22m34:15-34:23, 825-833[2m)[22m
        [2mâ””â”€1[22m [1mtext[22m [32m"time"[39m [2m([22m34:24-34:28, 834-838[2m)[22m"
`;

exports[`functional:inspect > should work with void nodes 1`] = `"[1mbreak[22m"`;
